This is pdfTeX, Version 3.141592653-2.6-1.40.29 (TeX Live 2026) (preloaded format=pdflatex 2026.5.18)  2 JUN 2026 18:59
entering extended mode
 restricted \write18 enabled.
 %&-line parsing enabled.
**786ProjectReportETS.tex
(./786ProjectReportETS.tex
LaTeX2e <2025-11-01>
L3 programming layer <2026-01-19>
(/usr/local/texlive/2026basic/texmf-dist/tex/latex/base/article.cls
Document Class: article 2025/01/22 v1.4n Standard LaTeX document class
(/usr/local/texlive/2026basic/texmf-dist/tex/latex/base/size11.clo
File: size11.clo 2025/01/22 v1.4n Standard LaTeX file (size option)
)
\c@part=\count275
\c@section=\count276
\c@subsection=\count277
\c@subsubsection=\count278
\c@paragraph=\count279
\c@subparagraph=\count280
\c@figure=\count281
\c@table=\count282
\abovecaptionskip=\skip49
\belowcaptionskip=\skip50
\bibindent=\dimen148
)
(/usr/local/texlive/2026basic/texmf-dist/tex/latex/graphics/graphicx.sty
Package: graphicx 2024/12/31 v1.2e Enhanced LaTeX Graphics (DPC,SPQR)

(/usr/local/texlive/2026basic/texmf-dist/tex/latex/graphics/keyval.sty
Package: keyval 2022/05/29 v1.15 key=value parser (DPC)
\KV@toks@=\toks17
)
(/usr/local/texlive/2026basic/texmf-dist/tex/latex/graphics/graphics.sty
Package: graphics 2024/08/06 v1.4g Standard LaTeX Graphics (DPC,SPQR)

(/usr/local/texlive/2026basic/texmf-dist/tex/latex/graphics/trig.sty
Package: trig 2023/12/02 v1.11 sin cos tan (DPC)
)
(/usr/local/texlive/2026basic/texmf-dist/tex/latex/graphics-cfg/graphics.cfg
File: graphics.cfg 2016/06/04 v1.11 sample graphics configuration
)
Package graphics Info: Driver file: pdftex.def on input line 106.

(/usr/local/texlive/2026basic/texmf-dist/tex/latex/graphics-def/pdftex.def
File: pdftex.def 2025/09/29 v1.2d Graphics/color driver for pdftex
))
\Gin@req@height=\dimen149
\Gin@req@width=\dimen150
)
(/usr/local/texlive/2026basic/texmf-dist/tex/latex/xcolor/xcolor.sty
Package: xcolor 2024/09/29 v3.02 LaTeX color extensions (UK)

(/usr/local/texlive/2026basic/texmf-dist/tex/latex/graphics-cfg/color.cfg
File: color.cfg 2016/01/02 v1.6 sample color configuration
)
Package xcolor Info: Driver file: pdftex.def on input line 274.

(/usr/local/texlive/2026basic/texmf-dist/tex/latex/graphics/mathcolor.ltx)
Package xcolor Info: Model `cmy' substituted by `cmy0' on input line 1349.
Package xcolor Info: Model `hsb' substituted by `rgb' on input line 1353.
Package xcolor Info: Model `RGB' extended on input line 1365.
Package xcolor Info: Model `HTML' substituted by `rgb' on input line 1367.
Package xcolor Info: Model `Hsb' substituted by `hsb' on input line 1368.
Package xcolor Info: Model `tHsb' substituted by `hsb' on input line 1369.
Package xcolor Info: Model `HSB' substituted by `hsb' on input line 1370.
Package xcolor Info: Model `Gray' substituted by `gray' on input line 1371.
Package xcolor Info: Model `wave' substituted by `hsb' on input line 1372.
)
(/usr/local/texlive/2026basic/texmf-dist/tex/latex/framed/framed.sty
Package: framed 2011/10/22 v 0.96: framed or shaded text with page breaks
\OuterFrameSep=\skip51
\fb@frw=\dimen151
\fb@frh=\dimen152
\FrameRule=\dimen153
\FrameSep=\dimen154
)
(/usr/local/texlive/2026basic/texmf-dist/tex/latex/base/alltt.sty
Package: alltt 2024/07/07 v2.0g defines alltt environment
)
(/usr/local/texlive/2026basic/texmf-dist/tex/latex/geometry/geometry.sty
Package: geometry 2020/01/02 v5.9 Page Geometry

(/usr/local/texlive/2026basic/texmf-dist/tex/generic/iftex/ifvtex.sty
Package: ifvtex 2019/10/25 v1.7 ifvtex legacy package. Use iftex instead.

(/usr/local/texlive/2026basic/texmf-dist/tex/generic/iftex/iftex.sty
Package: iftex 2024/12/12 v1.0g TeX engine tests
))
\Gm@cnth=\count283
\Gm@cntv=\count284
\c@Gm@tempcnt=\count285
\Gm@bindingoffset=\dimen155
\Gm@wd@mp=\dimen156
\Gm@odd@mp=\dimen157
\Gm@even@mp=\dimen158
\Gm@layoutwidth=\dimen159
\Gm@layoutheight=\dimen160
\Gm@layouthoffset=\dimen161
\Gm@layoutvoffset=\dimen162
\Gm@dimlist=\toks18
)
(/usr/local/texlive/2026basic/texmf-dist/tex/latex/amsmath/amsmath.sty
Package: amsmath 2025/07/09 v2.17z AMS math features
\@mathmargin=\skip52

For additional information on amsmath, use the `?' option.
(/usr/local/texlive/2026basic/texmf-dist/tex/latex/amsmath/amstext.sty
Package: amstext 2024/11/17 v2.01 AMS text

(/usr/local/texlive/2026basic/texmf-dist/tex/latex/amsmath/amsgen.sty
File: amsgen.sty 1999/11/30 v2.0 generic functions
\@emptytoks=\toks19
\ex@=\dimen163
))
(/usr/local/texlive/2026basic/texmf-dist/tex/latex/amsmath/amsbsy.sty
Package: amsbsy 1999/11/29 v1.2d Bold Symbols
\pmbraise@=\dimen164
)
(/usr/local/texlive/2026basic/texmf-dist/tex/latex/amsmath/amsopn.sty
Package: amsopn 2022/04/08 v2.04 operator names
)
\inf@bad=\count286
LaTeX Info: Redefining \frac on input line 233.
\uproot@=\count287
\leftroot@=\count288
LaTeX Info: Redefining \overline on input line 398.
LaTeX Info: Redefining \colon on input line 409.
\classnum@=\count289
\DOTSCASE@=\count290
LaTeX Info: Redefining \ldots on input line 495.
LaTeX Info: Redefining \dots on input line 498.
LaTeX Info: Redefining \cdots on input line 619.
\Mathstrutbox@=\box53
\strutbox@=\box54
LaTeX Info: Redefining \big on input line 721.
LaTeX Info: Redefining \Big on input line 722.
LaTeX Info: Redefining \bigg on input line 723.
LaTeX Info: Redefining \Bigg on input line 724.
\big@size=\dimen165
LaTeX Font Info:    Redeclaring font encoding OML on input line 742.
LaTeX Font Info:    Redeclaring font encoding OMS on input line 743.
\macc@depth=\count291
LaTeX Info: Redefining \bmod on input line 904.
LaTeX Info: Redefining \pmod on input line 909.
LaTeX Info: Redefining \smash on input line 939.
LaTeX Info: Redefining \relbar on input line 969.
LaTeX Info: Redefining \Relbar on input line 970.
\c@MaxMatrixCols=\count292
\dotsspace@=\muskip17
\c@parentequation=\count293
\dspbrk@lvl=\count294
\tag@help=\toks20
\row@=\count295
\column@=\count296
\maxfields@=\count297
\andhelp@=\toks21
\eqnshift@=\dimen166
\alignsep@=\dimen167
\tagshift@=\dimen168
\tagwidth@=\dimen169
\totwidth@=\dimen170
\lineht@=\dimen171
\@envbody=\toks22
\multlinegap=\skip53
\multlinetaggap=\skip54
\mathdisplay@stack=\toks23
LaTeX Info: Redefining \[ on input line 2950.
LaTeX Info: Redefining \] on input line 2951.
)
(/usr/local/texlive/2026basic/texmf-dist/tex/latex/hyperref/hyperref.sty
Package: hyperref 2026-01-29 v7.01p Hypertext links for LaTeX

(/usr/local/texlive/2026basic/texmf-dist/tex/latex/kvsetkeys/kvsetkeys.sty
Package: kvsetkeys 2022-10-05 v1.19 Key value parser (HO)
)
(/usr/local/texlive/2026basic/texmf-dist/tex/generic/kvdefinekeys/kvdefinekeys.
sty
Package: kvdefinekeys 2019-12-19 v1.6 Define keys (HO)
)
(/usr/local/texlive/2026basic/texmf-dist/tex/generic/pdfescape/pdfescape.sty
Package: pdfescape 2019/12/09 v1.15 Implements pdfTeX's escape features (HO)

(/usr/local/texlive/2026basic/texmf-dist/tex/generic/ltxcmds/ltxcmds.sty
Package: ltxcmds 2023-12-04 v1.26 LaTeX kernel commands for general use (HO)
)
(/usr/local/texlive/2026basic/texmf-dist/tex/generic/pdftexcmds/pdftexcmds.sty
Package: pdftexcmds 2020-06-27 v0.33 Utility functions of pdfTeX for LuaTeX (HO
)

(/usr/local/texlive/2026basic/texmf-dist/tex/generic/infwarerr/infwarerr.sty
Package: infwarerr 2019/12/03 v1.5 Providing info/warning/error messages (HO)
)
Package pdftexcmds Info: \pdf@primitive is available.
Package pdftexcmds Info: \pdf@ifprimitive is available.
Package pdftexcmds Info: \pdfdraftmode found.
)) (/usr/local/texlive/2026basic/texmf-dist/tex/latex/hycolor/hycolor.sty
Package: hycolor 2020-01-27 v1.10 Color options for hyperref/bookmark (HO)
)
(/usr/local/texlive/2026basic/texmf-dist/tex/latex/hyperref/nameref.sty
Package: nameref 2026-01-29 v2.58 Cross-referencing by name of section

(/usr/local/texlive/2026basic/texmf-dist/tex/latex/refcount/refcount.sty
Package: refcount 2019/12/15 v3.6 Data extraction from label references (HO)
)
(/usr/local/texlive/2026basic/texmf-dist/tex/generic/gettitlestring/gettitlestr
ing.sty
Package: gettitlestring 2019/12/15 v1.6 Cleanup title references (HO)

(/usr/local/texlive/2026basic/texmf-dist/tex/latex/kvoptions/kvoptions.sty
Package: kvoptions 2022-06-15 v3.15 Key value format for package options (HO)
))
\c@section@level=\count298
)
(/usr/local/texlive/2026basic/texmf-dist/tex/latex/etoolbox/etoolbox.sty
Package: etoolbox 2025/10/02 v2.5m e-TeX tools for LaTeX (JAW)
\etb@tempcnta=\count299
)
(/usr/local/texlive/2026basic/texmf-dist/tex/generic/stringenc/stringenc.sty
Package: stringenc 2019/11/29 v1.12 Convert strings between diff. encodings (HO
)
)
\@linkdim=\dimen172
\Hy@linkcounter=\count300
\Hy@pagecounter=\count301

(/usr/local/texlive/2026basic/texmf-dist/tex/latex/hyperref/pd1enc.def
File: pd1enc.def 2026-01-29 v7.01p Hyperref: PDFDocEncoding definition (HO)
Now handling font encoding PD1 ...
... no UTF-8 mapping file for font encoding PD1
)
(/usr/local/texlive/2026basic/texmf-dist/tex/generic/intcalc/intcalc.sty
Package: intcalc 2019/12/15 v1.3 Expandable calculations with integers (HO)
)
\Hy@SavedSpaceFactor=\count302

(/usr/local/texlive/2026basic/texmf-dist/tex/latex/hyperref/puenc.def
File: puenc.def 2026-01-29 v7.01p Hyperref: PDF Unicode definition (HO)
Now handling font encoding PU ...
... no UTF-8 mapping file for font encoding PU
)
Package hyperref Info: Hyper figures OFF on input line 4201.
Package hyperref Info: Link nesting OFF on input line 4206.
Package hyperref Info: Hyper index ON on input line 4209.
Package hyperref Info: Plain pages OFF on input line 4216.
Package hyperref Info: Backreferencing OFF on input line 4221.
Package hyperref Info: Implicit mode ON; LaTeX internals redefined.
Package hyperref Info: Bookmarks ON on input line 4468.
\c@Hy@tempcnt=\count303

(/usr/local/texlive/2026basic/texmf-dist/tex/latex/url/url.sty
\Urlmuskip=\muskip18
Package: url 2013/09/16  ver 3.4  Verb mode for urls, etc.
)
LaTeX Info: Redefining \url on input line 4807.
\XeTeXLinkMargin=\dimen173

(/usr/local/texlive/2026basic/texmf-dist/tex/generic/bitset/bitset.sty
Package: bitset 2019/12/09 v1.3 Handle bit-vector datatype (HO)

(/usr/local/texlive/2026basic/texmf-dist/tex/generic/bigintcalc/bigintcalc.sty
Package: bigintcalc 2019/12/15 v1.5 Expandable calculations on big integers (HO
)
))
\Fld@menulength=\count304
\Field@Width=\dimen174
\Fld@charsize=\dimen175
Package hyperref Info: Hyper figures OFF on input line 6084.
Package hyperref Info: Link nesting OFF on input line 6089.
Package hyperref Info: Hyper index ON on input line 6092.
Package hyperref Info: backreferencing OFF on input line 6099.
Package hyperref Info: Link coloring OFF on input line 6104.
Package hyperref Info: Link coloring with OCG OFF on input line 6109.
Package hyperref Info: PDF/A mode OFF on input line 6114.
\Hy@abspage=\count305
\c@Item=\count306
\c@Hfootnote=\count307
)
Package hyperref Info: Driver (autodetected): hpdftex.
 (/usr/local/texlive/2026basic/texmf-dist/tex/latex/hyperref/hpdftex.def
File: hpdftex.def 2026-01-29 v7.01p Hyperref driver for pdfTeX
\Fld@listcount=\count308
\c@bookmark@seq@number=\count309

(/usr/local/texlive/2026basic/texmf-dist/tex/latex/rerunfilecheck/rerunfilechec
k.sty
Package: rerunfilecheck 2025-06-21 v1.11 Rerun checks for auxiliary files (HO)

(/usr/local/texlive/2026basic/texmf-dist/tex/generic/uniquecounter/uniquecounte
r.sty
Package: uniquecounter 2019/12/15 v1.4 Provide unlimited unique counter (HO)
)
Package uniquecounter Info: New unique counter `rerunfilecheck' on input line 2
84.
)
\Hy@SectionHShift=\skip55
)
(/usr/local/texlive/2026basic/texmf-dist/tex/latex/booktabs/booktabs.sty
Package: booktabs 2020/01/12 v1.61803398 Publication quality tables
\heavyrulewidth=\dimen176
\lightrulewidth=\dimen177
\cmidrulewidth=\dimen178
\belowrulesep=\dimen179
\belowbottomsep=\dimen180
\aboverulesep=\dimen181
\abovetopsep=\dimen182
\cmidrulesep=\dimen183
\cmidrulekern=\dimen184
\defaultaddspace=\dimen185
\@cmidla=\count310
\@cmidlb=\count311
\@aboverulesep=\dimen186
\@belowrulesep=\dimen187
\@thisruleclass=\count312
\@lastruleclass=\count313
\@thisrulewidth=\dimen188
)
(/usr/local/texlive/2026basic/texmf-dist/tex/latex/float/float.sty
Package: float 2001/11/08 v1.3d Float enhancements (AL)
\c@float@type=\count314
\float@exts=\toks24
\float@box=\box55
\@float@everytoks=\toks25
\@floatcapt=\box56
)
(/usr/local/texlive/2026basic/texmf-dist/tex/latex/upquote/upquote.sty
Package: upquote 2012/04/19 v1.3 upright-quote and grave-accent glyphs in verba
tim
)
(/usr/local/texlive/2026basic/texmf-dist/tex/latex/l3backend/l3backend-pdftex.d
ef
File: l3backend-pdftex.def 2025-10-09 L3 backend support: PDF output (pdfTeX)
\l__color_backend_stack_int=\count315
) (./786ProjectReportETS.aux)
\openout1 = `786ProjectReportETS.aux'.

LaTeX Font Info:    Checking defaults for OML/cmm/m/it on input line 70.
LaTeX Font Info:    ... okay on input line 70.
LaTeX Font Info:    Checking defaults for OMS/cmsy/m/n on input line 70.
LaTeX Font Info:    ... okay on input line 70.
LaTeX Font Info:    Checking defaults for OT1/cmr/m/n on input line 70.
LaTeX Font Info:    ... okay on input line 70.
LaTeX Font Info:    Checking defaults for T1/cmr/m/n on input line 70.
LaTeX Font Info:    ... okay on input line 70.
LaTeX Font Info:    Checking defaults for TS1/cmr/m/n on input line 70.
LaTeX Font Info:    ... okay on input line 70.
LaTeX Font Info:    Checking defaults for OMX/cmex/m/n on input line 70.
LaTeX Font Info:    ... okay on input line 70.
LaTeX Font Info:    Checking defaults for U/cmr/m/n on input line 70.
LaTeX Font Info:    ... okay on input line 70.
LaTeX Font Info:    Checking defaults for PD1/pdf/m/n on input line 70.
LaTeX Font Info:    ... okay on input line 70.
LaTeX Font Info:    Checking defaults for PU/pdf/m/n on input line 70.
LaTeX Font Info:    ... okay on input line 70.

(/usr/local/texlive/2026basic/texmf-dist/tex/context/base/mkii/supp-pdf.mkii
[Loading MPS to PDF converter (version 2006.09.02).]
\scratchcounter=\count316
\scratchdimen=\dimen189
\scratchbox=\box57
\nofMPsegments=\count317
\nofMParguments=\count318
\everyMPshowfont=\toks26
\MPscratchCnt=\count319
\MPscratchDim=\dimen190
\MPnumerator=\count320
\makeMPintoPDFobject=\count321
\everyMPtoPDFconversion=\toks27
)
(/usr/local/texlive/2026basic/texmf-dist/tex/latex/epstopdf-pkg/epstopdf-base.s
ty
Package: epstopdf-base 2020-01-24 v2.11 Base part for package epstopdf
Package epstopdf-base Info: Redefining graphics rule for `.eps' on input line 4
85.

(/usr/local/texlive/2026basic/texmf-dist/tex/latex/latexconfig/epstopdf-sys.cfg
File: epstopdf-sys.cfg 2010/07/13 v1.3 Configuration of (r)epstopdf for TeX Liv
e
))
*geometry* driver: auto-detecting
*geometry* detected driver: pdftex
*geometry* verbose mode - [ preamble ] result:
* driver: pdftex
* paper: a4paper
* layout: <same size as paper>
* layoutoffset:(h,v)=(0.0pt,0.0pt)
* modes: 
* h-part:(L,W,R)=(72.26999pt, 452.9679pt, 72.26999pt)
* v-part:(T,H,B)=(72.26999pt, 700.50687pt, 72.26999pt)
* \paperwidth=597.50787pt
* \paperheight=845.04684pt
* \textwidth=452.9679pt
* \textheight=700.50687pt
* \oddsidemargin=0.0pt
* \evensidemargin=0.0pt
* \topmargin=-37.0pt
* \headheight=12.0pt
* \headsep=25.0pt
* \topskip=11.0pt
* \footskip=30.0pt
* \marginparwidth=50.0pt
* \marginparsep=10.0pt
* \columnsep=10.0pt
* \skip\footins=10.0pt plus 4.0pt minus 2.0pt
* \hoffset=0.0pt
* \voffset=0.0pt
* \mag=1000
* \@twocolumnfalse
* \@twosidefalse
* \@mparswitchfalse
* \@reversemarginfalse
* (1in=72.27pt=25.4mm, 1cm=28.453pt)

Package hyperref Info: Link coloring OFF on input line 70.
(./786ProjectReportETS.out) (./786ProjectReportETS.out)
\@outlinefile=\write3
\openout3 = `786ProjectReportETS.out'.


(./786ProjectReportETS.toc)
\tf@toc=\write4
\openout4 = `786ProjectReportETS.toc'.

 [1

{/usr/local/texlive/2026basic/texmf-var/fonts/map/pdftex/updmap/pdftex.map}]
LaTeX Font Info:    Font shape `OT1/cmtt/bx/n' in size <10.95> not available
(Font)              Font shape `OT1/cmtt/m/n' tried instead on input line 89.

Overfull \hbox (24.17319pt too wide) in paragraph at lines 137--137
[]    []\OT1/cmtt/m/n/10.95 NOCB[]            []=[] []as.numeric[][]([][]na.loc
f[][](temp_ts,[] []fromLast[] []=[] []TRUE[][],[] []na.rm[] []=[] []FALSE[][]))
,[][] 
 []


Overfull \hbox (1.17844pt too wide) in paragraph at lines 138--138
[]    []\OT1/cmtt/m/n/10.95 Linear[]          []=[] []as.numeric[][]([][]na_int
erpolation[][](temp_ts,[] []option[] []=[] []"linear"[][])),[][] 
 []


Overfull \hbox (1.17844pt too wide) in paragraph at lines 139--139
[]    []\OT1/cmtt/m/n/10.95 Spline[]          []=[] []as.numeric[][]([][]na_int
erpolation[][](temp_ts,[] []option[] []=[] []"spline"[][])),[][] 
 []


Overfull \hbox (12.67581pt too wide) in paragraph at lines 140--140
[]    []\OT1/cmtt/m/n/10.95 Seasonal[]        []=[] []as.numeric[][]([][]na_sea
dec[][](temp_ts,[] []algorithm[] []=[] []"interpolation"[][]))[][] 
 []


Overfull \hbox (18.4245pt too wide) in paragraph at lines 147--147
[]                                             []\OT1/cmtt/m/n/10.95 "Linear"[]
[],[] []"Spline"[][],[] []"Seasonal"[][])))[] []%>%[][] 
 []


Overfull \hbox (18.4245pt too wide) in paragraph at lines 151--151
[]  []\OT1/cmtt/m/n/10.95 labs[][]([][]title[] []=[] []"Wellington Monthly Temp
erature | Interpolation Method Comparison"[][],[][] 
 []

[2]
<figure/data-cleaning-1.pdf, id=127, 505.89pt x 505.89pt>
File: figure/data-cleaning-1.pdf Graphic file (type pdf)
<use figure/data-cleaning-1.pdf>
Package pdftex.def Info: figure/data-cleaning-1.pdf  used on input line 158.
(pdftex.def)             Requested size: 452.9679pt x 452.97328pt.
 [3]
Overfull \hbox (87.40875pt too wide) in paragraph at lines 168--168
[]  []\OT1/cmtt/m/n/10.95 mutate[][]([][]Temperature[] []=[] []na_seadec[][](Te
mperature,[] []algorithm[] []=[] []"interpolation"[][],[] []frequency[][]([][]1
2[][])))[] []%>%[][] 
 []

[4
pdfTeX warning (ext4): destination with the same identifier (name{figure.1}) ha
s been already used, duplicate ignored
<argument> ...shipout:D \box_use:N \l_shipout_box 
                                                  \__shipout_drop_firstpage_...
l.185 ....969, 0.969}\color{fgcolor}\begin{kframe}
                                                   <./figure/data-cleaning-1.pd
f>]
<figure/eda-plots-1.pdf, id=144, 505.89pt x 505.89pt>
File: figure/eda-plots-1.pdf Graphic file (type pdf)
<use figure/eda-plots-1.pdf>
Package pdftex.def Info: figure/eda-plots-1.pdf  used on input line 213.
(pdftex.def)             Requested size: 452.9679pt x 452.97328pt.
<figure/eda-plots-2.pdf, id=145, 505.89pt x 505.89pt>
File: figure/eda-plots-2.pdf Graphic file (type pdf)
<use figure/eda-plots-2.pdf>
Package pdftex.def Info: figure/eda-plots-2.pdf  used on input line 214.
(pdftex.def)             Requested size: 452.9679pt x 452.97328pt.
<figure/eda-plots-3.pdf, id=146, 505.89pt x 505.89pt>
File: figure/eda-plots-3.pdf Graphic file (type pdf)
<use figure/eda-plots-3.pdf>
Package pdftex.def Info: figure/eda-plots-3.pdf  used on input line 215.
(pdftex.def)             Requested size: 452.9679pt x 452.97328pt.
 [5] [6 <./figure/eda-plots-1.pdf>] [7 <./figure/eda-plots-2.pdf>]
Overfull \hbox (4.37471pt too wide) in paragraph at lines 233--235
[]\OT1/cmr/m/n/10.95 As such the fol-low-ing mod-els were short-listed: ETS(A,N
,A), ETS(A,A,A), and ETS(A,Ad,A). 
 []

[8 <./figure/eda-plots-3.pdf>]
Overfull \hbox (18.4245pt too wide) in paragraph at lines 266--266
[]\OT1/cmtt/m/n/10.95 ##      l[0]     s[0]     s[-1]      s[-2]     s[-3]     
s[-4]     s[-5]     s[-6][] 
 []


Overfull \hbox (18.4245pt too wide) in paragraph at lines 266--266
[]\OT1/cmtt/m/n/10.95 ##  13.75272 2.827684 0.8530713 -0.8283216 -2.208586 -3.6
29442 -4.199804 -3.342363[] 
 []

[9]
Overfull \hbox (18.4245pt too wide) in paragraph at lines 336--336
[]  []\OT1/cmtt/m/n/10.95 gg_tsdisplay[][]([][]difference[][](Temperature,[] []
12[][]),[] []plot_type[] []=[] []"partial"[][],[] []lag_max[] []=[] []36[][])[]
 []+[][] 
 []

<figure/arima-models-transformations-1.pdf, id=188, 505.89pt x 505.89pt>
File: figure/arima-models-transformations-1.pdf Graphic file (type pdf)
<use figure/arima-models-transformations-1.pdf>
Package pdftex.def Info: figure/arima-models-transformations-1.pdf  used on inp
ut line 341.
(pdftex.def)             Requested size: 452.9679pt x 452.97328pt.
[10] [11 <./figure/arima-models-transformations-1.pdf>] [12] [13]
LaTeX Font Info:    Trying to load font information for OMS+cmtt on input line 
513.

(/Library/Frameworks/R.framework/Resources/share/texmf/tex/latex/omscmtt.fd
File: omscmtt.fd 
)
LaTeX Font Info:    Font shape `OMS/cmtt/m/n' in size <10.95> not available
(Font)              Font shape `OMS/cmsy/m/n' tried instead on input line 513.

Overfull \hbox (17.97018pt too wide) in paragraph at lines 531--531
[][]\OT1/cmtt/m/n/10.95 cat[][]([][]"95% CI per century: ["[][], century_ci_low
er,[] []"\TS1/cmtt/m/n/10.95 °\OT1/cmtt/m/n/10.95 C ,"[][], century_ci_upper,[]
 []"\TS1/cmtt/m/n/10.95 °\OT1/cmtt/m/n/10.95 C ]\OMS/cmsy/m/n/10.95 n\OT1/cmtt/
m/n/10.95 n"[][])[][] 
 []

[14]
<figure/ets-assumptions-1.pdf, id=217, 505.89pt x 505.89pt>
File: figure/ets-assumptions-1.pdf Graphic file (type pdf)
<use figure/ets-assumptions-1.pdf>
Package pdftex.def Info: figure/ets-assumptions-1.pdf  used on input line 560.
(pdftex.def)             Requested size: 452.9679pt x 452.97328pt.
 [15] [16
pdfTeX warning (ext4): destination with the same identifier (name{figure.2}) ha
s been already used, duplicate ignored
<argument> ...shipout:D \box_use:N \l_shipout_box 
                                                  \__shipout_drop_firstpage_...
l.588 
       <./figure/ets-assumptions-1.pdf>]
Overfull \hbox (9.02728pt too wide) in paragraph at lines 589--590
[]\OT1/cmr/m/n/10.95 Based on the Ljung-Box re-sult and the sig-nif-i-cant ACF 
spikes at sea-sonal lags, the ETS(A,N,A)
 []

<figure/arima-assumptions-1.pdf, id=232, 505.89pt x 505.89pt>
File: figure/arima-assumptions-1.pdf Graphic file (type pdf)
<use figure/arima-assumptions-1.pdf>
Package pdftex.def Info: figure/arima-assumptions-1.pdf  used on input line 603
.
(pdftex.def)             Requested size: 452.9679pt x 452.97328pt.
[17
pdfTeX warning (ext4): destination with the same identifier (name{figure.3}) ha
s been already used, duplicate ignored
<argument> ...shipout:D \box_use:N \l_shipout_box 
                                                  \__shipout_drop_firstpage_...
l.610 \begin{kframe}
                    \begin{alltt} <./figure/arima-assumptions-1.pdf>]
<figure/assumption-checking-1.pdf, id=243, 505.89pt x 505.89pt>
File: figure/assumption-checking-1.pdf Graphic file (type pdf)
<use figure/assumption-checking-1.pdf>
Package pdftex.def Info: figure/assumption-checking-1.pdf  used on input line 6
41.
(pdftex.def)             Requested size: 452.9679pt x 452.97328pt.
 [18]
Overfull \hbox (43.3203pt too wide) in paragraph at lines 649--649
[][]\OT1/cmtt/m/it/10.95 # Ljung-Box test to check remaining autocorrelation ->
 using lag = 24 for monthly data[][] 
 []

[19
pdfTeX warning (ext4): destination with the same identifier (name{figure.4}) ha
s been already used, duplicate ignored
<argument> ...shipout:D \box_use:N \l_shipout_box 
                                                  \__shipout_drop_firstpage_...
l.664 
       <./figure/assumption-checking-1.pdf>]
<figure/ets-forecasting-1.pdf, id=259, 505.89pt x 505.89pt>
File: figure/ets-forecasting-1.pdf Graphic file (type pdf)
<use figure/ets-forecasting-1.pdf>
Package pdftex.def Info: figure/ets-forecasting-1.pdf  used on input line 701.
(pdftex.def)             Requested size: 452.9679pt x 452.97328pt.
 [20] [21
pdfTeX warning (ext4): destination with the same identifier (name{figure.5}) ha
s been already used, duplicate ignored
<argument> ...shipout:D \box_use:N \l_shipout_box 
                                                  \__shipout_drop_firstpage_...
l.719 ....969, 0.969}\color{fgcolor}\begin{kframe}
                                                   <./figure/ets-forecasting-1.
pdf>]
<figure/arima-forecasting-1.pdf, id=279, 505.89pt x 505.89pt>
File: figure/arima-forecasting-1.pdf Graphic file (type pdf)
<use figure/arima-forecasting-1.pdf>
Package pdftex.def Info: figure/arima-forecasting-1.pdf  used on input line 751
.
(pdftex.def)             Requested size: 452.9679pt x 452.97328pt.
 [22] [23
pdfTeX warning (ext4): destination with the same identifier (name{figure.6}) ha
s been already used, duplicate ignored
<argument> ...shipout:D \box_use:N \l_shipout_box 
                                                  \__shipout_drop_firstpage_...
l.769 ....969, 0.969}\color{fgcolor}\begin{kframe}
                                                   <./figure/arima-forecasting-
1.pdf>]
Overfull \hbox (1.17844pt too wide) in paragraph at lines 791--791
[]  []\OT1/cmtt/m/n/10.95 autoplot[][](data[] []%>%[] []filter[][](Date[] []>=[
] []yearmonth[][]([][]"2023 Jan"[][])),[] []level[] []=[] []c[][]([][]80[][],[]
 []95[][]))[] []+[][] 
 []

<figure/forecasting-1.pdf, id=299, 505.89pt x 505.89pt>
File: figure/forecasting-1.pdf Graphic file (type pdf)
<use figure/forecasting-1.pdf>
Package pdftex.def Info: figure/forecasting-1.pdf  used on input line 801.
(pdftex.def)             Requested size: 452.9679pt x 452.97328pt.
[24] [25
pdfTeX warning (ext4): destination with the same identifier (name{figure.7}) ha
s been already used, duplicate ignored
<argument> ...shipout:D \box_use:N \l_shipout_box 
                                                  \__shipout_drop_firstpage_...
l.853 \end{kframe}
                  \begin{figure}[H] <./figure/forecasting-1.pdf>]
<figure/forecasting-combined-1.pdf, id=315, 505.89pt x 505.89pt>
File: figure/forecasting-combined-1.pdf Graphic file (type pdf)
<use figure/forecasting-combined-1.pdf>
Package pdftex.def Info: figure/forecasting-combined-1.pdf  used on input line 
855.
(pdftex.def)             Requested size: 452.9679pt x 452.97328pt.
 [26] [27
pdfTeX warning (ext4): destination with the same identifier (name{figure.8}) ha
s been already used, duplicate ignored
<argument> ...shipout:D \box_use:N \l_shipout_box 
                                                  \__shipout_drop_firstpage_...
l.898 
       <./figure/forecasting-combined-1.pdf>] [28] (./786ProjectReportETS.aux)
 ***********
LaTeX2e <2025-11-01>
L3 programming layer <2026-01-19>
 ***********
Package rerunfilecheck Info: File `786ProjectReportETS.out' has not changed.
(rerunfilecheck)             Checksum: 255F6B28B3A2F0ACA1A2EA0D974396AF;3765.
 ) 
Here is how much of TeX's memory you used:
 10567 strings out of 469006
 164672 string characters out of 5454813
 595332 words of memory out of 5000000
 39076 multiletter control sequences out of 15000+600000
 635072 words of font info for 66 fonts, out of 8000000 for 9000
 319 hyphenation exceptions out of 8191
 75i,6n,79p,1054b,513s stack positions out of 10000i,1000n,20000p,200000b,200000s
 </Users/simonloh/Library/texlive/2026basic/texmf-var/fonts/pk/ljfour/jknappe
n/ec/tcrm1095.600pk> </Users/simonloh/Library/texlive/2026basic/texmf-var/fonts
/pk/ljfour/jknappen/ec/tctt1095.600pk></usr/local/texlive/2026basic/texmf-dist/
fonts/type1/public/amsfonts/cm/cmbx10.pfb></usr/local/texlive/2026basic/texmf-d
ist/fonts/type1/public/amsfonts/cm/cmbx12.pfb></usr/local/texlive/2026basic/tex
mf-dist/fonts/type1/public/amsfonts/cm/cmitt10.pfb></usr/local/texlive/2026basi
c/texmf-dist/fonts/type1/public/amsfonts/cm/cmmi10.pfb></usr/local/texlive/2026
basic/texmf-dist/fonts/type1/public/amsfonts/cm/cmmi8.pfb></usr/local/texlive/2
026basic/texmf-dist/fonts/type1/public/amsfonts/cm/cmr10.pfb></usr/local/texliv
e/2026basic/texmf-dist/fonts/type1/public/amsfonts/cm/cmr12.pfb></usr/local/tex
live/2026basic/texmf-dist/fonts/type1/public/amsfonts/cm/cmr17.pfb></usr/local/
texlive/2026basic/texmf-dist/fonts/type1/public/amsfonts/cm/cmr8.pfb></usr/loca
l/texlive/2026basic/texmf-dist/fonts/type1/public/amsfonts/cm/cmsy10.pfb></usr/
local/texlive/2026basic/texmf-dist/fonts/type1/public/amsfonts/cm/cmsy8.pfb></u
sr/local/texlive/2026basic/texmf-dist/fonts/type1/public/amsfonts/cm/cmtt10.pfb
>
Output written on 786ProjectReportETS.pdf (28 pages, 519813 bytes).
PDF statistics:
 415 PDF objects out of 1000 (max. 8388607)
 330 compressed objects within 4 object streams
 61 named destinations out of 1000 (max. 500000)
 229 words of extra memory for PDF output out of 10000 (max. 10000000)

